Active Internet connections (only servers)
Proto Recv-Q Send-Q Local Address           Foreign Address         State      
tcp        0      0 0.0.0.0:22              0.0.0.0:*               LISTEN     
tcp        0      0 0.0.0.0:6443            0.0.0.0:*               LISTEN     
tcp        0      0 0.0.0.0:6783            0.0.0.0:*               LISTEN     
tcp        0      0 0.0.0.0:9153            0.0.0.0:*               LISTEN     
udp        0      0 0.0.0.0:6783            0.0.0.0:*                          
udp        0      0 0.0.0.0:6784            0.0.0.0:*                          
